{"synthetic": false,
 "schemaVersion": "2025-09-10",
 "outputs":
 {"o": ["5583495f527850e0.olean"],
  "i": "f9ce238f840c14d6.ilean",
  "c": "aa80bd56fbbea0f4.c"},
 "log":
 [{"message":
   ".> LEAN_PATH=/root/chronofold/.lake/packages/Cli/.lake/build/lib/lean:/root/chronofold/.lake/packages/batteries/.lake/build/lib/lean:/root/chronofold/.lake/packages/Qq/.lake/build/lib/lean:/root/chronofold/.lake/packages/aesop/.lake/build/lib/lean:/root/chronofold/.lake/packages/proofwidgets/.lake/build/lib/lean:/root/chronofold/.lake/packages/importGraph/.lake/build/lib/lean:/root/chronofold/.lake/packages/LeanSearchClient/.lake/build/lib/lean:/root/chronofold/.lake/packages/plausible/.lake/build/lib/lean:/root/chronofold/.lake/packages/mathlib/.lake/build/lib/lean:/root/chronofold/.lake/build/lib/lean /root/.elan/toolchains/leanprover--lean4---v4.29.0/bin/lean /root/chronofold/Cf.lean -o /root/chronofold/.lake/build/lib/lean/Cf.olean -i /root/chronofold/.lake/build/lib/lean/Cf.ilean -c /root/chronofold/.lake/build/ir/Cf.c --setup /root/chronofold/.lake/build/ir/Cf.setup.json --json",
   "level": "trace"}],
 "inputs":
 [["Cf:deps",
   [["deps",
     [["cf/Cf:extraDep", [["@cf:extraDep", "00000000000006bb"]]],
      ["imports",
       [["Cf.Basic transitive imports (legacy)", "00000000000006bb"],
        ["Cf.Basic:importAllArts", "541c70763ac63554"]]]]],
    ["libs",
     [["import dynlibs", "00000000000006bb"],
      ["package external libraries", "00000000000006bb"],
      ["module dynlibs", "00000000000006bb"],
      ["module plugins", "00000000000006bb"]]]]],
  ["Lean 4.29.0, commit 98dc76e3c0a9b856c9b98726b713fb04fab16740",
   "60bb08ef22408c8a"],
  ["/root/chronofold/Cf.lean", "32a3a4906ebf1f82"],
  ["options",
   [["-DmaxSynthPendingDepth=3", "c78e353d34de85d4"],
    ["-DrelaxedAutoImplicit=false", "74a2b5546b55be80"],
    ["-Dpp.unicode.fun=true", "9b94070140457fab"]]],
  ["isModule: false", "feefd2a0d3a1847e"],
  ["Module.name: Cf", "e8d636cf8f99d06f"],
  ["Package.id?: (some cf)", "b996fb55e809db81"],
  ["Module.leanArgs: #[]", "00000000000006bb"]],
 "depHash": "33697cc4a0dc90fc"}